******************************************************************************
                  TI ARM Linker PC v20.2.1                     
******************************************************************************
>> Linked Sun Dec 13 15:21:07 2020

OUTPUT FILE NAME:   <simple_peripheral_CC26X2R1_LAUNCHXL_tirtos_ccs.out>
ENTRY POINT SYMBOL: "ResetISR"  address: 000114a5


MEMORY CONFIGURATION

         name            origin    length      used     unused   attr    fill
----------------------  --------  ---------  --------  --------  ----  --------
  FLASH                 00000000   00056000  0001cd11  000392ef  R  X
  FLASH_LAST_PAGE       00056000   00002000  00000058  00001fa8  R  X
  RTOS_SRAM             20000000   0000012c  000000e4  00000048  RW X
  SRAM                  20000fdf   00013021  00002a72  000105af  RW X


SEGMENT ALLOCATION MAP

run origin  load origin   length   init length attrs members
----------  ----------- ---------- ----------- ----- -------
00000000    00000000    00018d18   00018d18    r-x
  00000000    00000000    0000003c   0000003c    r-- .resetVecs
  0000003c    0000003c    00016604   00016604    r-x .text
  00016640    00016640    00001f91   00001f91    r-- .const
  000185d4    000185d4    00000138   00000138    r-- .rodata
  00018710    00018710    00000608   00000608    r-- .cinit
00048000    00048000    00004000   00000000    rw-
  00048000    00048000    00004000   00000000    rw- .TI.bound:flashBuf0
00057fa8    00057fa8    00000058   00000058    r--
  00057fa8    00057fa8    00000058   00000058    r-- .ccfg
20000100    20000100    0000000c   00000000    rw-
  20000100    20000100    00000004   00000000    rw- .data:xdcRomConstPtr
  20000104    20000104    00000004   00000000    rw- .data:xdcRomExternFuncPtr
  20000108    20000108    00000004   00000000    rw- .data:xdcRomStatePtr
20000fe0    20000fe0    00002672   00000000    rw-
  20000fe0    20000fe0    000014d7   00000000    rw- .data
  200024b8    200024b8    0000119a   00000000    rw- .bss
20013c00    20013c00    00000400   00000000    rw-
  20013c00    20013c00    00000400   00000000    rw- .stack


SECTION ALLOCATION MAP

 output                                  attributes/
section   page    origin      length       input sections
--------  ----  ----------  ----------   ----------------
.cinit     0    00018710    00000608     
                  00018710    000005ae     (.cinit..data.load) [load image, compression = lzss]
                  00018cbe    00000002     --HOLE-- [fill = 0]
                  00018cc0    0000000c     (__TI_handler_table)
                  00018ccc    00000004     --HOLE-- [fill = 0]
                  00018cd0    00000008     (.cinit..bss.load) [load image, compression = zero_init]
                  00018cd8    00000008     (.cinit..data:xdcRomConstPtr.load) [load image, compression = lzss]
                  00018ce0    00000008     (.cinit..data:xdcRomExternFuncPtr.load) [load image, compression = lzss]
                  00018ce8    00000008     (.cinit..data:xdcRomStatePtr.load) [load image, compression = lzss]
                  00018cf0    00000028     (__TI_cinit_table)

.init_array 
*          0    00000000    00000000     UNINITIALIZED

.ccfg      0    00057fa8    00000058     
                  00057fa8    00000058     ti_devices_config.obj (.ccfg:retain)

.data:xdcRomConstPtr 
*          0    20000100    00000004     UNINITIALIZED
                  20000100    00000004     simple_peripheral_app_pem4f.oem4f (.data:xdcRomConstPtr)

.data:xdcRomExternFuncPtr 
*          0    20000104    00000004     UNINITIALIZED
                  20000104    00000004     simple_peripheral_app_pem4f.oem4f (.data:xdcRomExternFuncPtr)

.data:xdcRomStatePtr 
*          0    20000108    00000004     UNINITIALIZED
                  20000108    00000004     simple_peripheral_app_pem4f.oem4f (.data:xdcRomStatePtr)

.data      0    20000fe0    000014d7     UNINITIALIZED
                  20000fe0    00000638     simple_peripheral.obj (.data:$O3$$)
                  20001618    000001d4     devinfoservice.obj (.data:$O11$$)
                  200017ec    00000170     drivers_cc26x2.a : PowerCC26X2.oem4f (.data:PowerCC26X2_module)
                  2000195c    00000124     simple_gatt_profile.obj (.data:$O13$$)
                  20001a80    0000010c     simple_peripheral_app_pem4f.oem4f (.data:ROM_stateStruct)
                  20001b8c    000000f4     StackWrapper.a : gapbondmgr.o (.data)
                  20001c80    000000b0     OneLib.a : gapgattserver.o (.data)
                  20001d30    0000009c     icall.obj (.data:$O14$$)
                  20001dcc    00000090     ti_ble_config.obj (.data:$O1$$)
                  20001e5c    00000060     nvocmp.obj (.data:$O6$$)
                  20001ebc    00000060     OneLib.a : ll_config.o (.data)
                  20001f1c    00000054     ti_radio_config.obj (.data:pOverrides_bleCommon)
                  20001f70    00000050     ti_radio_config.obj (.data:txPowerTable_2400_pa5)
                  20001fc0    0000004c     simple_peripheral_app_pem4f.oem4f (.data:ti_sysbios_knl_Task_Object__table__V)
                  2000200c    00000048     board_key.obj (.data:$O2$$)
                  20002054    00000004     OneLib.a : ll_slave_end_causes.o (.data)
                  20002058    00000048     simple_peripheral_app_pem4f.oem4f (.data:ti_sysbios_family_arm_cc26xx_Timer_Object__table__V)
                  200020a0    00000040     OneLib.a : gattservapp.o (.data)
                  200020e0    00000040     ble_user_config.obj (.data:eccParams_NISTP256)
                  20002120    0000003c     icall_user_config.obj (.data:nvintfFncStruct)
                  2000215c    00000038     simple_peripheral_app_pem4f.oem4f (.data:ti_sysbios_gates_GateMutex_Object__table__V)
                  20002194    00000030     simple_peripheral_app_pem4f.oem4f (.data:ti_sysbios_knl_Swi_Module_State_0_readyQ__A)
                  200021c4    00000030     simple_peripheral_app_pem4f.oem4f (.data:ti_sysbios_knl_Swi_Object__table__V)
                  200021f4    00000030     simple_peripheral_app_pem4f.oem4f (.data:ti_sysbios_knl_Task_Module_State_0_readyQ__A)
                  20002224    00000024     driverlib.lib : osc.obj (.data:$O20$$)
                  20002248    00000020     drivers_cc26x2.a : TRNGCC26XX.oem4f (.data:entropyPoolBuffer)
                  20002268    00000020     simple_peripheral_app_pem4f.oem4f (.data:ti_sysbios_knl_Clock_Object__table__V)
                  20002288    00000020     simple_peripheral_app_pem4f.oem4f (.data:xdc_runtime_Error_IgnoreBlock)
                  200022a8    00000018     simple_peripheral_app_pem4f.oem4f (.data:ti_sysbios_family_arm_m3_Hwi_Object__table__V)
                  200022c0    00000011     simple_gatt_profile.obj (.data:simpleProfileChar1UserDesp$19)
                  200022d1    00000011     simple_gatt_profile.obj (.data:simpleProfileChar2UserDesp$19)
                  200022e2    00000011     simple_gatt_profile.obj (.data:simpleProfileChar3UserDesp$19)
                  200022f3    00000011     simple_gatt_profile.obj (.data:simpleProfileChar4UserDesp$19)
                  20002304    00000011     simple_gatt_profile.obj (.data:simpleProfileChar5UserDesp$19)
                  20002315    00000001     OneLib.a : gapgattserver.o (.data)
                  20002316    00000002              : ll_config.o (.data)
                  20002318    00000010     two_btn_menu.obj (.data:$O5$$)
                  20002328    00000010     OneLib.a : gattservapp.o (.data)
                  20002338    00000010              : ll.o (.data)
                  20002348    00000010              : ll_data.o (.data)
                  20002358    00000010     StackWrapper.a : osal.o (.data)
                  20002368    00000010     icall_user_config.obj (.data:bleAppServiceInfoTable)
                  20002378    00000010     ti_radio_config.obj (.data:pOverrides_ble2Mbps)
                  20002388    00000010     ti_radio_config.obj (.data:pOverrides_bleCoded)
                  20002398    00000010     main.obj (.data:user0Cfg)
                  200023a8    0000000c     ti_radio_config.obj (.data:pOverrides_ble1Mbps)
                  200023b4    0000000c     simple_peripheral_app_pem4f.oem4f (.data:ti_sysbios_heaps_HeapCallback_Object__table__V)
                  200023c0    00000009     devinfoservice.obj (.data)
                  200023c9    00000001     OneLib.a : gapgattserver.o (.data)
                  200023ca    00000002     StackWrapper.a : osal_cbtimer.o (.data)
                  200023cc    00000008     icall_cc2650.obj (.data:$O16$$)
                  200023d4    00000008     ble_user_config.obj (.data:$O17$$)
                  200023dc    00000008     icall_api_lite.obj (.data:$O18$$)
                  200023e4    00000008     rtsv7M4_T_le_v4SPD16_eabi.lib : _lock.c.obj (.data:$O23$$)
                  200023ec    00000008     OneLib.a : gapgattserver.o (.data)
                  200023f4    00000008     drivers_cc26x2.a : PINCC26XX.oem4f (.data)
                  200023fc    00000008     icall_api_lite.obj (.data)
                  20002404    00000008     drivers_cc26x2.a : TRNGCC26XX.oem4f (.data:jobList)
                  2000240c    00000008     simple_peripheral_app_pem4f.oem4f (.data:ti_sysbios_family_arm_m3_Hwi_Module__root__V)
                  20002414    00000008     simple_peripheral_app_pem4f.oem4f (.data:ti_sysbios_gates_GateHwi_Module__root__V)
                  2000241c    00000008     simple_peripheral_app_pem4f.oem4f (.data:ti_sysbios_gates_GateMutexPri_Module__root__V)
                  20002424    00000008     simple_peripheral_app_pem4f.oem4f (.data:ti_sysbios_gates_GateMutex_Module__root__V)
                  2000242c    00000008     simple_peripheral_app_pem4f.oem4f (.data:ti_sysbios_hal_Hwi_Module__root__V)
                  20002434    00000008     simple_peripheral_app_pem4f.oem4f (.data:ti_sysbios_heaps_HeapCallback_Module__root__V)
                  2000243c    00000008     simple_peripheral_app_pem4f.oem4f (.data:ti_sysbios_heaps_HeapMem_Module__root__V)
                  20002444    00000008     simple_peripheral_app_pem4f.oem4f (.data:ti_sysbios_knl_Clock_Module__root__V)
                  2000244c    00000008     simple_peripheral_app_pem4f.oem4f (.data:ti_sysbios_knl_Event_Module__root__V)
                  20002454    00000008     simple_peripheral_app_pem4f.oem4f (.data:ti_sysbios_knl_Mailbox_Module__root__V)
                  2000245c    00000008     simple_peripheral_app_pem4f.oem4f (.data:ti_sysbios_knl_Queue_Module__root__V)
                  20002464    00000008     simple_peripheral_app_pem4f.oem4f (.data:ti_sysbios_knl_Semaphore_Module__root__V)
                  2000246c    00000008     simple_peripheral_app_pem4f.oem4f (.data:ti_sysbios_knl_Swi_Module__root__V)
                  20002474    00000008     simple_peripheral_app_pem4f.oem4f (.data:ti_sysbios_knl_Task_Module__root__V)
                  2000247c    00000005     simple_gatt_profile.obj (.data)
                  20002481    00000002     drivers_cc26x2.a : CryptoResourceCC26XX.oem4f (.data)
                  20002483    00000001     OneLib.a : gapgattserver.o (.data)
                  20002484    00000004     StackWrapper.a : hal_assert.o (.data)
                  20002488    00000004     ble_user_config_stack.obj (.data)
                  2000248c    00000004     rtsv7M4_T_le_v4SPD16_eabi.lib : stkdepth_vars.c.obj (.data)
                  20002490    00000004     simple_peripheral_app_pem4f.oem4f (.data:ti_sysbios_family_arm_m3_Hwi_Module_State_0_excContext__A)
                  20002494    00000004     simple_peripheral_app_pem4f.oem4f (.data:ti_sysbios_family_arm_m3_Hwi_Module_State_0_excStack__A)
                  20002498    00000004     simple_peripheral_app_pem4f.oem4f (.data:ti_sysbios_knl_Task_Module_State_0_idleTask__A)
                  2000249c    00000002     drivers_cc26x2.a : PKAResourceCC26XX.oem4f (.data)
                  2000249e    00000002                      : TRNGCC26XX.oem4f (.data)
                  200024a0    00000002     simple_peripheral_app_pem4f.oem4f (.data:ti_sysbios_family_arm_m3_Hwi_Module_State_0_excActive__A)
                  200024a2    00000001     OneLib.a : gapgattserver.o (.data)
                  200024a3    00000001              : gapgattserver.o (.data)
                  200024a4    00000001              : gapgattserver.o (.data)
                  200024a5    00000001              : gattservapp.o (.data)
                  200024a6    00000001              : gattservapp.o (.data)
                  200024a7    00000001              : ll_ae.o (.data)
                  200024a8    00000001              : ll_data.o (.data)
                  200024a9    00000001              : ll_scheduler.o (.data)
                  200024aa    00000001     StackWrapper.a : gap.o (.data)
                  200024ab    00000001                    : gap.o (.data)
                  200024ac    00000001                    : hal_assert.o (.data)
                  200024ad    00000001     simple_peripheral.obj (.data:argPeriodic)
                  200024ae    00000001     simple_peripheral.obj (.data:argRpaRead)
                  200024af    00000001     drivers_cc26x2.a : AESCCMCC26XX.oem4f (.data)
                  200024b0    00000001                      : AESCTRCC26XX.oem4f (.data)
                  200024b1    00000001                      : AESCTRDRBGXX.oem4f (.data)
                  200024b2    00000001                      : AESECBCC26XX.oem4f (.data)
                  200024b3    00000001                      : ECDHCC26X2.oem4f (.data)
                  200024b4    00000001                      : NVS.oem4f (.data)
                  200024b5    00000001                      : UART.oem4f (.data)
                  200024b6    00000001     rf_multiMode_cc26x2.aem4f : rf_patch_cpe_bt5.c.cc26x2.ccs.o (.data)

.bss       0    200024b8    0000119a     UNINITIALIZED
                  200024b8    000004f0     rf_multiMode_cc26x2.aem4f : RFCC26X2_multiMode.c.cc26x2.ccs.o (.bss:$O1$$)
                  200029a8    00000300     simple_peripheral_app_pem4f.oem4f (.bss:taskStackSection)
                  20002ca8    000001b4     (.common:uartCC26XXObjects)
                  20002e5c    000000d8     (.common:ti_sysbios_family_arm_m3_Hwi_dispatchTable)
                  20002f34    00000080     (.common:trngCC26XXObjects)
                  20002fb4    0000007c     (.common:pinHandleTable)
                  20003030    00000078     StackWrapper.a : osal_cbtimer.o (.bss)
                  200030a8    00000064     simple_peripheral_menu.obj (.bss:$O4$$)
                  2000310c    00000058     (.common:aesctrdrbgXXObjects)
                  20003164    00000050     drivers_cc26x2.a : PINCC26XX.oem4f (.bss:pinSemaphore)
                  200031b4    00000050     (.common:CryptoResourceCC26XX_accessSemaphore)
                  20003204    00000050     (.common:CryptoResourceCC26XX_operationSemaphore)
                  20003254    00000050     (.common:PKAResourceCC26XX_accessSemaphore)
                  200032a4    00000050     (.common:PKAResourceCC26XX_operationSemaphore)
                  200032f4    0000003c     StackWrapper.a : osal_snv_wrapper.o (.bss)
                  20003330    00000034     drivers_cc26x2.a : PINCC26XX.oem4f (.bss:pinSwi)
                  20003364    00000020     OneLib.a : gattservapp.o (.bss)
                  20003384    00000020              : ll.o (.bss)
                  200033a4    00000020     StackWrapper.a : gapbondmgr.o (.bss)
                  200033c4    00000020                    : gapbondmgr.o (.bss)
                  200033e4    00000020     drivers_cc26x2.a : PINCC26XX.oem4f (.bss:pinGpioConfigTable)
                  20003404    00000020     ti_drivers_config.obj (.bss:uartCC26XXRingBuffer0)
                  20003424    00000020     (.common:ecdhCC26X2Objects)
                  20003444    0000001c     drivers_cc26x2.a : TRNGCC26XX.oem4f (.bss:TRNGCC26XX_hwi)
                  20003460    0000001c                      : TRNGCC26XX.oem4f (.bss:entropyPool)
                  2000347c    0000001c                      : PINCC26XX.oem4f (.bss:pinHwi)
                  20003498    0000001c     (.common:CryptoResourceCC26XX_hwi)
                  200034b4    0000001c     (.common:PKAResourceCC26XX_hwi)
                  200034d0    00000018     OneLib.a : gapgattserver.o (.bss)
                  200034e8    00000018              : ll_common.o (.bss)
                  20003500    00000018     (.common:aesccmCC26XXObjects)
                  20003518    00000018     (.common:aesctrCC26XXObjects)
                  20003530    00000018     (.common:aesecbCC26XXObjects)
                  20003548    00000014     rf_multiMode_cc26x2.aem4f : RFCC26X2_multiMode.c.cc26x2.ccs.o (.bss:RF_ratSyncCmd)
                  2000355c    00000014     drivers_cc26x2.a : Random.oem4f (.bss:state)
                  20003570    00000010     util.obj (.bss:str$1$8)
                  20003580    0000000c     OneLib.a : ll.o (.bss)
                  2000358c    0000000c              : ll.o (.bss)
                  20003598    0000000c              : ll_scheduler.o (.bss)
                  200035a4    0000000c     drivers_cc26x2.a : NVSCC26XX.oem4f (.bss)
                  200035b0    00000008     OneLib.a : ll.o (.bss)
                  200035b8    00000004              : gapgattserver.o (.bss)
                  200035bc    00000004              : gattservapp.o (.bss)
                  200035c0    00000004              : ll.o (.bss)
                  200035c4    00000004              : ll.o (.bss)
                  200035c8    00000004              : ll.o (.bss)
                  200035cc    00000004              : ll.o (.bss)
                  200035d0    00000004              : ll.o (.bss)
                  200035d4    00000004              : ll_ae.o (.bss)
                  200035d8    00000004              : ll_common.o (.bss)
                  200035dc    00000004              : ll_enc.o (.bss)
                  200035e0    00000004              : ll_privacy.o (.bss)
                  200035e4    00000004     StackWrapper.a : gapbondmgr.o (.bss)
                  200035e8    00000004                    : gapbondmgr.o (.bss)
                  200035ec    00000004                    : osal.o (.bss)
                  200035f0    00000004                    : osal.o (.bss)
                  200035f4    00000004                    : osal.o (.bss)
                  200035f8    00000004                    : osal.o (.bss)
                  200035fc    00000004                    : osal.o (.bss)
                  20003600    00000004                    : osal.o (.bss)
                  20003604    00000004                    : osal_bufmgr.o (.bss)
                  20003608    00000004                    : osal_clock.o (.bss)
                  2000360c    00000004                    : osal_clock.o (.bss)
                  20003610    00000004                    : osal_timers.o (.bss)
                  20003614    00000004                    : osal_timers.o (.bss)
                  20003618    00000004                    : osal_timers.o (.bss)
                  2000361c    00000004     drivers_cc26x2.a : ECDHCC26X2.oem4f (.bss)
                  20003620    00000004                      : PINCC26XX.oem4f (.bss)
                  20003624    00000004     (.common:PowerCC26XX_swiKey)
                  20003628    00000004     (.common:PowerCC26XX_taskKey)
                  2000362c    00000004     (.common:nvsCC26XXObjects)
                  20003630    00000004     (.common:tasksEvents)
                  20003634    00000002     OneLib.a : gapgattserver.o (.bss)
                  20003636    00000002              : ll.o (.bss)
                  20003638    00000002              : ll_slave_end_causes.o (.bss)
                  2000363a    00000002     StackWrapper.a : osal_pwrmgr.o (.bss)
                  2000363c    00000001     OneLib.a : gapgattserver.o (.bss)
                  2000363d    00000001              : gattservapp.o (.bss)
                  2000363e    00000001              : hci_tl.o (.bss)
                  2000363f    00000001              : hci_tl.o (.bss)
                  20003640    00000001              : hci_tl.o (.bss)
                  20003641    00000001              : hci_tl.o (.bss)
                  20003642    00000001              : hci_tl.o (.bss)
                  20003643    00000001              : hci_tl.o (.bss)
                  20003644    00000001              : ll.o (.bss)
                  20003645    00000001              : ll.o (.bss)
                  20003646    00000001              : ll_ae.o (.bss)
                  20003647    00000001              : ll_config.o (.bss)
                  20003648    00000001              : ll_config.o (.bss)
                  20003649    00000001              : ll_enc.o (.bss)
                  2000364a    00000001     StackWrapper.a : ble_dispatch_lite.o (.bss)
                  2000364b    00000001                    : gapbondmgr.o (.bss)
                  2000364c    00000001                    : gapbondmgr.o (.bss)
                  2000364d    00000001                    : hal_assert.o (.bss)
                  2000364e    00000001                    : osal.o (.bss)
                  2000364f    00000001                    : osal_pwrmgr.o (.bss)
                  20003650    00000001     rf_multiMode_cc26x2.aem4f : RFCC26X2_multiMode.c.cc26x2.ccs.o (.bss)
                  20003651    00000001     (.common:driverlib_release_0_58048)

.vtable    0    20003652    00000000     UNINITIALIZED

.vtable_ram 
*          0    20003652    00000000     UNINITIALIZED

vtable_ram 
*          0    20003652    00000000     UNINITIALIZED

.sysmem    0    20003652    00000000     UNINITIALIZED

.nonretenvar 
*          0    20003652    00000000     UNINITIALIZED

.stack     0    20013c00    00000400     UNINITIALIZED
                  20013c00    00000400     --HOLE--

.bootVecs 
*          0    00000000    00000008     DSECT
                  00000000    00000008     boot.aem4f : boot.oem4f (.bootVecs)

.resetVecs 
*          0    00000000    0000003c     
                  00000000    0000003c     simple_peripheral_app_pem4f.oem4f (.resetVecs)

.vecs      0    20000000    000000d8     NOLOAD SECTION
                  20000000    000000d8     simple_peripheral_app_pem4f.oem4f (.vecs)

xdc.meta   0    00000000    0000011f     COPY SECTION
                  00000000    0000011f     simple_peripheral_app_pem4f.oem4f (xdc.meta)

xdc.noload 
*          0    00000000    00000000     COPY SECTION

.TI.bound:flashBuf0 
*          0    00048000    00004000     UNINITIALIZED
                  00048000    00004000     ti_drivers_config.obj (.TI.bound:flashBuf0)

.text      0    0000003c    00016604     
                  0000003c    000009b8     StackWrapper.a : gapbondmgr.o (.text)
                  000009f4    00000928     simple_peripheral.obj (.text:SimplePeripheral_taskFxn$5)
                  0000131c    00000758     StackWrapper.a : gapbondmgr.o (.text)
                  00001a74    000006bc     OneLib.a : ll_adv_end_causes.o (.text)
                  00002130    000004e0              : ll_slave_end_causes.o (.text)
                  00002610    000004a4     rf_multiMode_cc26x2.aem4f : RFCC26X2_multiMode.c.cc26x2.ccs.o (.text:RF_fsmActiveState)
                  00002ab4    00000464     OneLib.a : ll.o (.text)
                  00002f18    00000458              : ll_ae.o (.text)
                  00003370    00000450              : ll_isr.o (.text)
                  000037c0    000003c4              : ble.o (.text)
                  00003b84    00000388              : ll_slave_end_causes.o (.text)
                  00003f0c    00000380              : ll_isr.o (.text)
                  0000428c    00000378     simple_peripheral.obj (.text:SimplePeripheral_processGapMessage$5)
                  00004604    00000308     OneLib.a : ll.o (.text)
                  0000490c    000002f4              : ll_ae.o (.text)
                  00004c00    00000290              : ll_scheduler.o (.text)
                  00004e90    0000025c     nvocmp.obj (.text:NVOCMP_addItem$10)
                  000050ec    0000025c     StackWrapper.a : gapbondmgr.o (.text)
                  00005348    00000250     OneLib.a : ll_data.o (.text)
                  00005598    0000024c     StackWrapper.a : gapbondmgr.o (.text)
                  000057e4    00000248     OneLib.a : ll_ae.o (.text)
                  00005a2c    0000023c              : ll_common.o (.text)
                  00005c68    00000220              : ll_ae.o (.text)
                  00005e88    00000218     drivers_cc26x2.a : ECDHCC26X2.oem4f (.text:ECDHCC26X2_runFSM)
                  000060a0    00000218     nvocmp.obj (.text:NVOCMP_initNv$10)
                  000062b8    00000210     rf_multiMode_cc26x2.aem4f : RFCC26X2_multiMode.c.cc26x2.ccs.o (.text:RF_scheduleCmd)
                  000064c8    00000204     OneLib.a : gattservapp.o (.text)
                  000066cc    00000204              : ll_isr.o (.text)
                  000068d0    00000200     rf_multiMode_cc26x2.aem4f : RFCC26X2_multiMode.c.cc26x2.ccs.o (.text:RF_open)
                  00006ad0    000001fc     OneLib.a : ll_scheduler.o (.text)
                  00006ccc    000001ec              : ll_isr.o (.text)
                  00006eb8    000001e0     osal_icall_ble.obj (.text:stack_main)
                  00007098    000001dc     StackWrapper.a : osal.o (.text)
                  00007274    000001d4     rf_multiMode_cc26x2.aem4f : RFCC26X2_multiMode.c.cc26x2.ccs.o (.text:RF_dispatchNextCmd)
                  00007448    000001cc     drivers_cc26x2.a : PINCC26XX.oem4f (.text:PIN_init)
                  00007614    000001c4     OneLib.a : ll.o (.text)
                  000077d8    00000198     drivers_cc26x2.a : PowerCC26X2.oem4f (.text:Power_sleep)
                  00007970    00000190                      : PowerCC26X2_calibrateRCOSC.oem4f (.text:calibrateRcoscHf1)
                  00007b00    0000018c                      : PowerCC26X2_calibrateRCOSC.oem4f (.text:runCalibrateFsm)
                  00007c8c    00000188     nvocmp.obj (.text:NVOCMP_compact$10)
                  00007e14    00000184     icall.obj (.text:icall_directAPI)
                  00007f98    00000174     OneLib.a : gattservapp.o (.text)
                  0000810c    00000174              : ll_isr.o (.text)
                  00008280    00000174     drivers_cc26x2.a : PowerCC26X2.oem4f (.text:Power_init)
                  000083f4    00000164                      : UARTCC26XX.oem4f (.text:UARTCC26XX_open)
                  00008558    00000162     StackWrapper.a : osal.o (.text)
                  000086ba    00000002     ti_drivers_config.obj (.text:Board_initHook)
                  000086bc    00000160     driverlib.lib : sys_ctrl.obj (.text:NOROM_SysCtrlStandby)
                  0000881c    00000154     rf_multiMode_cc26x2.aem4f : RFCC26X2_multiMode.c.cc26x2.ccs.o (.text:RF_radioOpDoneCb)
                  00008970    00000154     drivers_cc26x2.a : UARTCC26XX.oem4f (.text:UARTCC26XX_hwiIntFxn)
                  00008ac4    0000014c     OneLib.a : ll_common.o (.text)
                  00008c10    0000014c              : ll_isr.o (.text)
                  00008d5c    00000148     rf_multiMode_cc26x2.aem4f : RFCC26X2_multiMode.c.cc26x2.ccs.o (.text:RF_fsmSetupState)
                  00008ea4    00000144     StackWrapper.a : gap.o (.text)
                  00008fe8    00000140     drivers_cc26x2.a : AESCCMCC26XX.oem4f (.text:AESCCM_startOperation)
                  00009128    00000140     OneLib.a : gattservapp.o (.text)
                  00009268    00000140              : ll_ae.o (.text)
                  000093a8    0000013c     rf_multiMode_cc26x2.aem4f : RFCC26X2_multiMode.c.cc26x2.ccs.o (.text:RF_ratSetupChannel)
                  000094e4    0000013a     drivers_cc26x2.a : UARTCC26XX.oem4f (.text:UARTCC26XX_read)
                  0000961e    00000002     ble_user_config.obj (.text:DefaultAssertCback)
                  00009620    00000138     drivers_cc26x2.a : ECDHCC26X2.oem4f (.text:ECDH_computeSharedSecret)
                  00009758    00000138                      : NVSCC26XX.oem4f (.text:NVSCC26XX_write)
                  00009890    00000134     rf_multiMode_cc26x2.aem4f : RFCC26X2_multiMode.c.cc26x2.ccs.o (.text:RF_abortCmd)
                  000099c4    0000012c     OneLib.a : gap_advertiser.o (.text)
                  00009af0    00000124              : ll_scheduler.o (.text)
                  00009c14    00000120     nvocmp.obj (.text:NVOCMP_compactPage$10)
                  00009d34    00000120     OneLib.a : ll_common.o (.text)
                  00009e54    00000120              : ll_data.o (.text)
                  00009f74    00000120     drivers_cc26x2.a : PowerCC26X2.oem4f (.text:configureXOSCHF)
                  0000a094    00000112     rf_multiMode_cc26x2.aem4f : RFCC26X2_multiMode.c.cc26x2.ccs.o (.text:RF_decodeOverridePointers)
                  0000a1a6    00000002     rom_init.obj (.text:MAP_llDmmDynamicFree)
                  0000a1a8    00000110     rf_multiMode_cc26x2.aem4f : RFCC26X2_multiMode.c.cc26x2.ccs.o (.text:RF_initRadioSetup)
                  0000a2b8    0000010c     OneLib.a : gatt_client.o (.text)
                  0000a3c4    0000010c              : ll_isr.o (.text)
                  0000a4d0    00000108              : gap_task.o (.text)
                  0000a5d8    00000106     simple_peripheral_app_pem4f.oem4f (.text:xdc_runtime_System_printfExtend__I)
                  0000a6de    00000002     rom_init.obj (.text:MAP_llDmmSetThreshold)
                  0000a6e0    00000104     drivers_cc26x2.a : AESECBCC26XX.oem4f (.text:AESECB_startOperation)
                  0000a7e4    00000104     rf_multiMode_cc26x2.aem4f : RFCC26X2_multiMode.c.cc26x2.ccs.o (.text:RF_hwiCpe0Active)
                  0000a8e8    00000100     nvocmp.obj (.text:NVOCMP_findItem$10)
                  0000a9e8    000000f8     OneLib.a : sm_rsppairing.o (.text)
                  0000aae0    000000f8     drivers_cc26x2.a : PINCC26XX.oem4f (.text:PINCC26XX_setIoCfg)
                  0000abd8    000000f4                      : AESCTRCC26XX.oem4f (.text:AESCTR_startOperation)
                  0000accc    000000f0     OneLib.a : ll_common.o (.text)
                  0000adbc    000000f0              : ll_scheduler.o (.text)
                  0000aeac    000000f0     rf_multiMode_cc26x2.aem4f : RFCC26X2_multiMode.c.cc26x2.ccs.o (.text:RF_fsmPowerUpState)
                  0000af9c    000000e4     OneLib.a : gapgattserver.o (.text)
                  0000b080    000000e4              : ll_ae.o (.text)
                  0000b164    000000e0     StackWrapper.a : osal_timers.o (.text)
                  0000b244    000000e0     drivers_cc26x2.a : UARTCC26XX.oem4f (.text:UARTCC26XX_write)
                  0000b324    000000d8     driverlib.lib : setup.obj (.text:NOROM_SetupTrimDevice)
                  0000b3fc    000000d8     rf_multiMode_cc26x2.aem4f : RFCC26X2_multiMode.c.cc26x2.ccs.o (.text:RF_control)
                  0000b4d4    000000d8                               : RFCC26X2_multiMode.c.cc26x2.ccs.o (.text:RF_pendCmd)
                  0000b5ac    000000d8     driverlib.lib : setup.obj (.text:TrimAfterColdResetWakeupFromShutDown$35)
                  0000b684    000000d4     drivers_cc26x2.a : ECDHCC26X2.oem4f (.text:ECDH_generatePublicKey)
                  0000b758    000000d2     rf_multiMode_cc26x2.aem4f : RFCC26X2_multiMode.c.cc26x2.ccs.o (.text:RF_updatePaConfiguration)
                  0000b82a    00000002     rom_init.obj (.text:MAP_rf_patch_rfe)
                  0000b82c    000000d0     rf_multiMode_cc26x2.aem4f : RFCC26X2_multiMode.c.cc26x2.ccs.o (.text:RF_swiHw)
                  0000b8fc    000000cc     OneLib.a : hci_event.o (.text)
                  0000b9c8    000000cc     StackWrapper.a : osal.o (.text)
                  0000ba94    000000cc     main.obj (.text:main)
                  0000bb60    000000c8     OneLib.a : gap_scanner.o (.text)
                  0000bc28    000000c8              : gapgattserver.o (.text)
                  0000bcf0    000000c8              : ll_scheduler.o (.text)
                  0000bdb8    000000c8     dpl_cc26x2.a : PowerCC26X2_tirtos.oem4f (.text:PowerCC26XX_standbyPolicy)
                  0000be80    000000c0     drivers_cc26x2.a : AESCTRDRBGXX.oem4f (.text:AESCTRDRBG_getBytes)
                  0000bf40    000000c0     nvocmp.obj (.text:NVOCMP_erase$10)
                  0000c000    000000c0     OneLib.a : ll.o (.text)
                  0000c0c0    000000c0     drivers_cc26x2.a : PowerCC26X2.oem4f (.text:Power_releaseDependency)
                  0000c180    000000c0     simple_gatt_profile.obj (.text:SimpleProfile_SetParameter)
                  0000c240    000000c0     drivers_cc26x2.a : UARTCC26XX.oem4f (.text:UARTCC26XX_initIO)
                  0000c300    000000bc     OneLib.a : ll_ecc.o (.text)
                  0000c3bc    000000bc     simple_peripheral.obj (.text:SimplePeripheral_menuSwitchCb$5)
                  0000c478    000000b8     OneLib.a : ll.o (.text)
                  0000c530    000000b8              : ll_isr.o (.text)
                  0000c5e8    000000b8              : ll_scheduler.o (.text)
                  0000c6a0    000000b8              : ll_scheduler.o (.text)
                  0000c758    000000b8              : ll_slave_end_causes.o (.text)
                  0000c810    000000b8     drivers_cc26x2.a : PowerCC26X2.oem4f (.text:Power_setDependency)
                  0000c8c8    000000b8     StackWrapper.a : gapbondmgr.o (.text)
                  0000c980    000000b8     drivers_cc26x2.a : UARTCC26XX.oem4f (.text:UARTCC26XX_initHw)
                  0000ca38    000000b4     OneLib.a : ll_ae.o (.text)
                  0000caec    000000b4     drivers_cc26x2.a : TRNGCC26XX.oem4f (.text:TRNG_generateEntropy)
                  0000cba0    000000b0                      : AESCTRDRBGXX.oem4f (.text:AESCTRDRBG_construct)
                  0000cc50    000000b0     devinfoservice.obj (.text:devInfo_ReadAttrCB$16)
                  0000cd00    000000ac     drivers_cc26x2.a : ECDHCC26X2.oem4f (.text:ECDHCC26X2_hwiFxn)
                  0000cdac    000000ac                      : PINCC26XX.oem4f (.text:PIN_open)
                  0000ce58    000000a8     nvocmp.obj (.text:NVOCMP_initNvApi$10)
                  0000cf00    000000a8     OneLib.a : hci_data.o (.text)
                  0000cfa8    000000a8     StackWrapper.a : gapbondmgr.o (.text)
                  0000d050    000000a6     drivers_cc26x2.a : AESCTRDRBGXX.oem4f (.text:AESCTRDRBG_reseed)
                  0000d0f6    00000002     rf_multiMode_cc26x2.aem4f : rfc.c.cc26x2.ccs.o (.text:NOROM_RFCCpePatchReset)
                  0000d0f8    000000a4                               : RFCC26X2_multiMode.c.cc26x2.ccs.o (.text:RF_ratRestartChannels)
                  0000d19c    000000a4     simple_peripheral.obj (.text:SimplePeripheral_doAutoConnect)
                  0000d240    000000a4     StackWrapper.a : osal_cbtimer.o (.text)
                  0000d2e4    000000a0     OneLib.a : gattservapp.o (.text)
                  0000d384    000000a0              : ll_ae.o (.text)
                  0000d424    000000a0              : ll_common.o (.text)
                  0000d4c4    000000a0     auto_init.aem4f : auto_init.oem4f (.text)
                  0000d564    000000a0     rom_sysbios.aem4f : rom_sysbios.obj (.text:ti_sysbios_knl_Task_setPri__E)
                  0000d604    0000009c     nvocmp.obj (.text:NVOCMP_readHeader$10)
                  0000d6a0    0000009c     OneLib.a : ll_common.o (.text)
                  0000d73c    0000009c              : ll_ecc.o (.text)
                  0000d7d8    0000009c     rtsv7M4_T_le_v4SPD16_eabi.lib : memcpy_t2.asm.obj (.text)
                  0000d874    00000098     OneLib.a : gattservapp.o (.text)
                  0000d90c    00000098              : hci_event.o (.text)
                  0000d9a4    00000098              : ll_enc.o (.text)
                  0000da3c    00000098     rf_multiMode_cc26x2.aem4f : RFCC26X2_multiMode.c.cc26x2.ccs.o (.text:RF_calculateDispatchTime)
                  0000dad4    00000098     drivers_cc26x2.a : UARTCC26XX.oem4f (.text:writeTxFifoFlush)
                  0000db6c    00000096     rtsv7M4_T_le_v4SPD16_eabi.lib : ull_div_t2.asm.obj (.text)
                  0000dc02    00000002     OneLib.a : ll.o (.text)
                  0000dc04    00000094     icall.obj (.text:ICall_setTimer)
                  0000dc98    00000094     OneLib.a : gatt_server.o (.text)
                  0000dd2c    00000094              : ll.o (.text)
                  0000ddc0    00000094              : ll_scheduler.o (.text)
                  0000de54    00000094     rf_multiMode_cc26x2.aem4f : RFCC26X2_multiMode.c.cc26x2.ccs.o (.text:RF_getInfo)
                  0000dee8    00000094     simple_peripheral.obj (.text:SimplePeripheral_processParamUpdate$5)
                  0000df7c    00000094     drivers_cc26x2.a : TRNGCC26XX.oem4f (.text:TRNGCC26XX_hwiFxn)
                  0000e010    00000092                      : UARTCC26XX.oem4f (.text:UARTCC26XX_writeCancel)
                  0000e0a2    00000002     OneLib.a : ll.o (.text)
                  0000e0a4    00000090              : ll.o (.text)
                  0000e134    00000090              : ll_ae.o (.text)
                  0000e1c4    00000090     rf_multiMode_cc26x2.aem4f : RFCC26X2_multiMode.c.cc26x2.ccs.o (.text:RF_discardPendCmd)
                  0000e254    00000090     osal_icall_ble.obj (.text:osalInitTasks)
                  0000e2e4    00000090     simple_gatt_profile.obj (.text:simpleProfile_WriteAttrCB)
                  0000e374    0000008e     drivers_cc26x2.a : CryptoUtils.oem4f (.text:CryptoUtils_reverseCopyPad)
                  0000e402    00000002     rf_multiMode_cc26x2.aem4f : RFCC26X2_multiMode.c.cc26x2.ccs.o (.text:RF_defaultCallback)
                  0000e404    0000008c     icall.obj (.text:ICall_heapMalloc)
                  0000e490    0000008c     OneLib.a : ll_common.o (.text)
                  0000e51c    0000008c     rom_sysbios.aem4f : rom_sysbios.obj (.text:ti_sysbios_gates_GateMutexPri_enter__E)
                  0000e5a8    0000008a     drivers_cc26x2.a : AESCTRDRBGXX.oem4f (.text:AESCTRDRBGXX_updateState)
                  0000e632    00000002     StackWrapper.a : common_rom_init.o (.text)
                  0000e634    00000088     driverlib.lib : osc.obj (.text:NOROM_OSCHF_AttemptToSwitchToXosc)
                  0000e6bc    00000088     OneLib.a : hci_event.o (.text)
                  0000e744    00000088     rf_multiMode_cc26x2.aem4f : RFCC26X2_multiMode.c.cc26x2.ccs.o (.text:RF_cmdDispatchTime)
                  0000e7cc    00000088     simple_peripheral.obj (.text:SimplePeripheral_updatePHYStat$5)
                  0000e854    00000088     StackWrapper.a : osal_cbtimer.o (.text)
                  0000e8dc    00000088     drivers_cc26x2.a : PowerCC26X2_calibrateRCOSC.oem4f (.text:calibrateRcoscHf2)
                  0000e964    00000088                      : PowerCC26X2.oem4f (.text:disableLFClockQualifiers)
                  0000e9ec    00000088     gattservapp_util.obj (.text:gattServApp_SendNotiInd$18)
                  0000ea74    00000088     drivers_cc26x2.a : PowerCC26X2_calibrateRCOSC.oem4f (.text:updateSubSecInc)
                  0000eafc    00000084     rf_multiMode_cc26x2.aem4f : RFCC26X2_multiMode.c.cc26x2.ccs.o (.text:RF_issueRadioFreeCb)
                  0000eb80    00000084                               : RFCC26X2_multiMode.c.cc26x2.ccs.o (.text:RF_verifyGap)
                  0000ec04    00000084     drivers_cc26x2.a : UARTCC26XX.oem4f (.text:UARTCC26XX_close)
                  0000ec88    00000080                      : NVSCC26XX.oem4f (.text:NVSCC26XX_open)
                  0000ed08    00000080     OneLib.a : ll_enc.o (.text)
                  0000ed88    00000080     simple_peripheral.obj (.text:SimplePeripheral_doSetConnPhy)
                  0000ee08    00000080     rom_sysbios.aem4f : rom_sysbios.obj (.text:ti_sysbios_family_arm_cc26xx_Timer_start__E)
                  0000ee88    0000007e     OneLib.a : gap_task.o (.text)
                  0000ef06    00000002     StackWrapper.a : hal_assert.o (.text)
                  0000ef08    0000007c     nvocmp.obj (.text:NVOCMP_readItemApi$10)
                  0000ef84    0000007c     OneLib.a : ll_enc.o (.text)
                  0000f000    0000007c     rf_multiMode_cc26x2.aem4f : RFCC26X2_multiMode.c.cc26x2.ccs.o (.text:RF_ratFreeChannel)
                  0000f07c    0000007c     StackWrapper.a : gapbondmgr.o (.text)
                  0000f0f8    0000007a     OneLib.a : gattservapp.o (.text)
                  0000f172    0000007a     rtsv7M4_T_le_v4SPD16_eabi.lib : memset_t2.asm.obj (.text)
                  0000f1ec    00000078     icall.obj (.text:ICall_heapInit)
                  0000f264    00000078     nvocmp.obj (.text:NVOCMP_checkItem$10)
                  0000f2dc    00000078     OneLib.a : ll_common.o (.text)
                  0000f354    00000078     StackWrapper.a : osal_cbtimer.o (.text)
                  0000f3cc    00000076                    : gap.o (.text)
                  0000f442    00000002                    : hal_assert.o (.text)
                  0000f444    00000074     nvocmp.obj (.text:NVOCMP_writeItemApi$10)
                  0000f4b8    00000074     drivers_cc26x2.a : PowerCC26X2_calibrateRCOSC.oem4f (.text:PowerCC26X2_auxISR)
                  0000f52c    00000074                      : TRNGCC26XX.oem4f (.text:TRNG_construct)
                  0000f5a0    00000074     rom_sysbios.aem4f : rom_sysbios.obj (.text:ti_sysbios_gates_GateMutexPri_leave__E)
                  0000f614    00000072     rf_multiMode_cc26x2.aem4f : RFCC26X2_multiMode.c.cc26x2.ccs.o (.text:RF_detachOverrides)
                  0000f686    00000002     StackWrapper.a : onboard.o (.text)
                  0000f688    00000070     drivers_cc26x2.a : AESCCMCC26XX.oem4f (.text:AESCCM_cleanup)
                  0000f6f8    00000070     icall.obj (.text:ICall_heapGetStats)
                  0000f768    00000070     rf_multiMode_cc26x2.aem4f : rfc.c.cc26x2.ccs.o (.text:NOROM_RFCAnaDivTxOverride)
                  0000f7d8    00000070     nvocmp.obj (.text:NVOCMP_eraseNvApi$10)
                  0000f848    00000070     OneLib.a : gatt_server.o (.text)
                  0000f8b8    00000070              : ll_common.o (.text)
                  0000f928    00000070              : ll_enc.o (.text)
                  0000f998    00000070     rf_multiMode_cc26x2.aem4f : RFCC26X2_multiMode.c.cc26x2.ccs.o (.text:RF_ratDisableChannel)
                  0000fa08    00000070     drivers_cc26x2.a : Random.oem4f (.text:Random_seedAutomatic)
                  0000fa78    00000070     StackWrapper.a : osal.o (.text)
                  0000fae8    0000006e     OneLib.a : gatt_server.o (.text)
                  0000fb56    0000006e     rf_multiMode_cc26x2.aem4f : RFCC26X2_multiMode.c.cc26x2.ccs.o (.text:RF_attachOverrides)
                  0000fbc4    0000006e                               : RFCC26X2_multiMode.c.cc26x2.ccs.o (.text:RF_howToSchedule)
                  0000fc32    00000002     rtsv7M4_T_le_v4SPD16_eabi.lib : _lock.c.obj (.text:_nop)
                  0000fc34    0000006d     rom_sysbios.aem4f : rom_sysbios.obj (.text:xdc_runtime_System_formatNum__I)
                  0000fca1    00000001     --HOLE-- [fill = 0]
                  0000fca2    00000002     drivers_cc26x2.a : PowerCC26X2.oem4f (.text:emptyClockFunc)
                  0000fca4    0000006c     main.obj (.text:AssertHandler)
                  0000fd10    0000006c     driverlib.lib : chipinfo.obj (.text:NOROM_ChipInfo_GetChipType)
                  0000fd7c    0000006c     nvocmp.obj (.text:NVOCMP_getDstPage$10)
                  0000fde8    0000006c     OneLib.a : ll_common.o (.text)
                  0000fe54    0000006c              : ll_isr.o (.text)
                  0000fec0    0000006c     rf_multiMode_cc26x2.aem4f : RFCC26X2_multiMode.c.cc26x2.ccs.o (.text:RF_getCurrentTime)
                  0000ff2c    0000006c     simple_peripheral.obj (.text:SimplePeripheral_clearConnListEntry$5)
                  0000ff98    0000006c     StackWrapper.a : osal_cbtimer.o (.text)
                  00010004    00000068     drivers_cc26x2.a : CryptoUtils.oem4f (.text:CryptoUtils_copyPad)
                  0001006c    00000068     icall.obj (.text:ICall_enrollService)
                  000100d4    00000068     icall.obj (.text:ICall_send)
                  0001013c    00000068     icall.obj (.text:ICall_sendServiceComplete)
                  000101a4    00000068     driverlib.lib : osc.obj (.text:NOROM_OSCHF_SwitchToRcOscTurnOffXosc)
                  0001020c    00000068     OneLib.a : gattservapp.o (.text)
                  00010274    00000068     rf_multiMode_cc26x2.aem4f : RFCC26X2_multiMode.c.cc26x2.ccs.o (.text:RF_hwiHw)
                  000102dc    00000068     StackWrapper.a : osal_timers.o (.text)
                  00010344    00000068     rtsv7M4_T_le_v4SPD16_eabi.lib : copy_decompress_lzss.c.obj (.text:decompress:lzss:__TI_decompress_lzss)
                  000103ac    00000066     OneLib.a : ll_common.o (.text)
                  00010412    00000002     drivers_cc26x2.a : CryptoResourceCC26XX.oem4f (.text:errorSpin)
                  00010414    00000064                      : AESCCMCC26XX.oem4f (.text:AESCCM_waitForResult)
                  00010478    00000064                      : AESCTRCC26XX.oem4f (.text:AESCTR_waitForResult)
                  000104dc    00000064                      : AESECBCC26XX.oem4f (.text:AESECB_waitForResult)
                  00010540    00000064     nvocmp.obj (.text:NVOCMP_findSignature$10)
                  000105a4    00000064     OneLib.a : gapgattserver.o (.text)
                  00010608    00000064              : gattservapp.o (.text)
                  0001066c    00000064     rf_multiMode_cc26x2.aem4f : RFCC26X2_multiMode.c.cc26x2.ccs.o (.text:RF_dispatchNextEvent)
                  000106d0    00000064     drivers_cc26x2.a : UARTCC26XX.oem4f (.text:UARTCC26XX_control)
                  00010734    00000062     ti_drivers_config.obj (.text:Board_sendExtFlashByte)
                  00010796    00000062     gattservapp_util.obj (.text:GATTServApp_ProcessCCCWriteReq)
                  000107f8    00000062     rf_multiMode_cc26x2.aem4f : RFCC26X2_multiMode.c.cc26x2.ccs.o (.text:RF_syncCb)
                  0001085a    00000062     StackWrapper.a : icall_lite_translation.o (.text)
                  000108bc    00000062     drivers_cc26x2.a : UARTCC26XX.oem4f (.text:UARTCC26XX_swiIntFxn)
                  0001091e    00000002                      : PKAResourceCC26XX.oem4f (.text:errorSpin)
                  00010920    00000060                      : AESCCMCC26XX.oem4f (.text:AESCCM_hwiFxn)
                  00010980    00000060                      : AESCTRCC26XX.oem4f (.text:AESCTR_hwiFxn)
                  000109e0    00000060                      : AESECBCC26XX.oem4f (.text:AESECB_hwiFxn)
                  00010a40    00000060                      : CryptoResourceCC26XX.oem4f (.text:CryptoResourceCC26XX_constructRTOSObjects)
                  00010aa0    00000060     icall.obj (.text:ICall_createRemoteTasksAtRuntime)
                  00010b00    00000060     OneLib.a : ll_ae.o (.text)
                  00010b60    00000060              : ll_common.o (.text)
                  00010bc0    00000060     drivers_cc26x2.a : PKAResourceCC26XX.oem4f (.text:PKAResourceCC26XX_constructRTOSObjects)
                  00010c20    00000060     rf_multiMode_cc26x2.aem4f : RFCC26X2_multiMode.c.cc26x2.ccs.o (.text:RF_applyRfCorePatch)
                  00010c80    00000060     StackWrapper.a : gapbondmgr.o (.text)
                  00010ce0    00000060     drivers_cc26x2.a : TRNGCC26XX.oem4f (.text:TRNGCC26XX_startTrng)
                  00010d40    0000005e     icall.obj (.text:ICall_fetchMsg)
                  00010d9e    00000002     icall_api_lite.obj (.text:rfErrCb)
                  00010da0    0000005c     icall.obj (.text:ICall_pwrUpdActivityCounter)
                  00010dfc    0000005c     nvocmp.obj (.text:NVOCMP_readItem$10)
                  00010e58    0000005c     OneLib.a : gap_perilinkmgr.o (.text)
                  00010eb4    0000005c              : ll_scheduler.o (.text)
                  00010f10    0000005c     drivers_cc26x2.a : PINCC26XX.oem4f (.text:PIN_remove)
                  00010f6c    0000005c                      : NVSCC26XX.oem4f (.text:doErase)
                  00010fc8    0000005c     simple_gatt_profile.obj (.text:simpleProfile_ReadAttrCB)
                  00011024    0000005c     drivers_cc26x2.a : UARTCC26XX.oem4f (.text:startTxFifoEmptyClk)
                  00011080    0000005c     simple_peripheral_app_pem4f.oem4f (.text:xdc_runtime_Startup_getState__I)
                  000110dc    00000058     drivers_cc26x2.a : ECDHCC26X2.oem4f (.text:ECDH_construct)
                  00011134    00000058     icall.obj (.text:ICall_wait)
                  0001118c    00000058     OneLib.a : ll_ae.o (.text)
                  000111e4    00000058              : ll_common.o (.text)
                  0001123c    00000058              : ll_enc.o (.text)
                  00011294    00000058              : ll_isr.o (.text)
                  000112ec    00000058     drivers_cc26x2.a : PowerCC26X2_calibrateRCOSC.oem4f (.text:PowerCC26X2_initiateCalibration)
                  00011344    00000058     rf_multiMode_cc26x2.aem4f : RFCC26X2_multiMode.c.cc26x2.ccs.o (.text:RF_hwiCpe0PowerFsm)
                  0001139c    00000058     simple_peripheral.obj (.text:SimplePeripheral_enqueueMsg$5)
                  000113f4    00000058     StackWrapper.a : sm_ecc.o (.text)
                  0001144c    00000058     drivers_cc26x2.a : TRNGCC26XX.oem4f (.text:TRNG_init)
                  000114a4    00000058     boot.aem4f : boot.oem4f (.text)
                  000114fc    00000056     rf_multiMode_cc26x2.aem4f : RFCC26X2_multiMode.c.cc26x2.ccs.o (.text:RF_defaultSubmitPolicy)
                  00011552    00000002     rtsv7M4_T_le_v4SPD16_eabi.lib : div0.asm.obj (.text)
                  00011554    00000054     drivers_cc26x2.a : AESCCMCC26XX.oem4f (.text:AESCCM_construct)
                  000115a8    00000054                      : AESCTRCC26XX.oem4f (.text:AESCTR_construct)
                  000115fc    00000054                      : AESECBCC26XX.oem4f (.text:AESECB_construct)
                  00011650    00000054     driverlib.lib : prcm.obj (.text:NOROM_PRCMPowerDomainsAllOff)
                  000116a4    00000054     nvocmp.obj (.text:NVOCMP_doNVCRC$10)
                  000116f8    00000054     drivers_cc26x2.a : NVSCC26XX.oem4f (.text:NVSCC26XX_init)
                  0001174c    00000054     OneLib.a : gattservapp.o (.text)
                  000117a0    00000054              : hci_event.o (.text)
                  000117f4    00000054              : ll.o (.text)
                  00011848    00000054              : ll_ae.o (.text)
                  0001189c    00000054              : ll_ae.o (.text)
                  000118f0    00000054              : ll_ae.o (.text)
                  00011944    00000054     rf_multiMode_cc26x2.aem4f : RFCC26X2_multiMode.c.cc26x2.ccs.o (.text:RF_fsmXOSCState)
                  00011998    00000054     StackWrapper.a : osal_bufmgr.o (.text)
                  000119ec    00000054     drivers_cc26x2.a : StructRingBuf.oem4f (.text:StructRingBuf_put)
                  00011a40    00000054     dpl_cc26x2.a : SwiP_tirtos.oem4f (.text:SwiP_construct)
                  00011a94    00000054     util.obj (.text:Util_convertBdAddr2Str)
                  00011ae8    00000054     rf_multiMode_cc26x2.aem4f : rf_patch_cpe_bt5.c.cc26x2.ccs.o (.text:configureBt5Patch)
                  00011b3c    00000052     OneLib.a : gap_centlinkmgr.o (.text)
                  00011b8e    00000050     drivers_cc26x2.a : AESCTRDRBGXX.oem4f (.text:AESCTRDRBGXX_addBigendCounter)
                  00011bde    00000002     simple_peripheral_app_pem4f.oem4f (.text:ti_sysbios_BIOS_nullFunc__I)
                  00011be0    00000050     nvocmp.obj (.text:NVOCMP_compactNvApi$10)
                  00011c30    00000050     OneLib.a : gap_perilinkmgr.o (.text)
                  00011c80    00000050              : hci_tl.o (.text)
                  00011cd0    00000050              : ll_common.o (.text)
                  00011d20    00000050              : ll_enc.o (.text)
                  00011d70    00000050     StackWrapper.a : osal.o (.text)
                  00011dc0    00000050                    : osal_clock.o (.text)
                  00011e10    00000050     drivers_cc26x2.a : TRNGCC26XX.oem4f (.text:TRNGCC26XX_waitForResult)
                  00011e60    0000004e     StackWrapper.a : gap.o (.text)
                  00011eae    00000002     rom_sysbios.aem4f : rom_sysbios.obj (.text:ti_sysbios_heaps_HeapCallback_defaultDelete)
                  00011eb0    0000004c     icall.obj (.text:ICall_newTask$24)
                  00011efc    0000004c     driverlib.lib : prcm.obj (.text:NOROM_PRCMPowerDomainsAllOn)
                  00011f48    0000004c     nvocmp.obj (.text:NVOCMP_loadApiPtrsMin)
                  00011f94    0000004c     nvocmp.obj (.text:NVOCMP_setItemInactive$10)
                  00011fe0    0000004c     OneLib.a : ll_scheduler.o (.text)
                  0001202c    0000004c     rf_multiMode_cc26x2.aem4f : RFCC26X2_multiMode.c.cc26x2.ccs.o (.text:RF_wakeupNotification)
                  00012078    0000004c     drivers_cc26x2.a : StructRingBuf.oem4f (.text:StructRingBuf_get)
                  000120c4    0000004c                      : UARTCC26XX.oem4f (.text:UARTCC26XX_readCancel)
                  00012110    0000004c     util.obj (.text:Util_constructClock)
                  0001215c    0000004c     rtsv7M4_T_le_v4SPD16_eabi.lib : cpy_tbl.c.obj (.text:copy_in)
                  000121a8    00000048     ti_drivers_config.obj (.text:Board_wakeUpExtFlash)
                  000121f0    00000048     rf_multiMode_cc26x2.aem4f : rfc.c.cc26x2.ccs.o (.text:NOROM_RFCSynthPowerDown)
                  00012238    00000048     nvocmp.obj (.text:NVOCMP_write$10)
                  00012280    00000048     drivers_cc26x2.a : NVS.oem4f (.text:NVS_open)
                  000122c8    00000048     OneLib.a : gattservapp.o (.text)
                  00012310    00000048              : ll.o (.text)
                  00012358    00000048              : ll.o (.text)
                  000123a0    00000048     drivers_cc26x2.a : PINCC26XX.oem4f (.text:PIN_setOutputEnable)
                  000123e8    00000048                      : PowerCC26X2_calibrateRCOSC.oem4f (.text:PowerCC26X2_RCOSC_clockFunc)
                  00012430    00000048                      : PowerCC26X2.oem4f (.text:PowerCC26XX_switchXOSC_HF)
                  00012478    00000048                      : NVSCC26XX.oem4f (.text:disableFlashCache)
                  000124c0    00000048                      : PowerCC26X2.oem4f (.text:switchXOSCHF)
                  00012508    00000048                      : UARTCC26XX.oem4f (.text:writeFinishedDoCallback)
                  00012550    00000046                      : RingBuf.oem4f (.text:RingBuf_put)
                  00012596    00000002     simple_peripheral.obj (.text:writeCallbackFxn)
                  00012598    00000044     drivers_cc26x2.a : ECDHCC26X2.oem4f (.text:ECDHCC26X2_waitForResult)
                  000125dc    00000044     nvocmp.obj (.text:NVOCMP_getFreeNvApi$10)
                  00012620    00000044     drivers_cc26x2.a : NVSCC26XX.oem4f (.text:NVSCC26XX_read)
                  00012664    00000044     OneLib.a : ll.o (.text)
                  000126a8    00000044              : ll.o (.text)
                  000126ec    00000044              : ll_ae.o (.text)
                  00012730    00000044              : ll_common.o (.text)
                  00012774    00000044              : ll_isr.o (.text)
                  000127b8    00000044     drivers_cc26x2.a : PINCC26XX.oem4f (.text:PIN_swi)
                  000127fc    00000044     simple_gatt_profile.obj (.text:SimpleProfile_GetParameter)
                  00012840    00000044     StackWrapper.a : osal.o (.text)
                  00012884    00000044                    : osal_timers.o (.text)
                  000128c8    00000044     drivers_cc26x2.a : UART.oem4f (.text:UART_init)
                  0001290c    00000042     OneLib.a : ll.o (.text)
                  0001294e    00000040     dpl_cc26x2.a : ClockP_tirtos.oem4f (.text:ClockP_construct)
                  0001298e    00000002     rom_sysbios.aem4f : rom_sysbios.obj (.text:xdc_runtime_SysCallback_defaultAbort)
                  00012990    00000040     drivers_cc26x2.a : ECDHCC26X2.oem4f (.text:ECDHCC26X2_getPublicKeyResult)
                  000129d0    00000040     driverlib.lib : osc.obj (.text:NOROM_OSC_HPOSCRelativeFrequencyOffsetGet)
                  00012a10    00000040     OneLib.a : gap_configmgr.o (.text)
                  00012a50    00000040              : gattservapp.o (.text)
                  00012a90    00000040              : linkdb.o (.text)
                  00012ad0    00000040              : ll_scheduler.o (.text)
                  00012b10    00000040     drivers_cc26x2.a : PowerCC26X2.oem4f (.text:PowerCC26XX_isStableXOSC_HF)
                  00012b50    00000040                      : Random.oem4f (.text:Random_getNumber)
                  00012b90    00000040                      : RingBuf.oem4f (.text:RingBuf_get)
                  00012bd0    00000040     StackWrapper.a : osal.o (.text)
                  00012c10    00000040                    : osal_bufmgr.o (.text)
                  00012c50    00000040                    : osal_bufmgr.o (.text)
                  00012c90    00000040                    : osal_timers.o (.text)
                  00012cd0    00000040     drivers_cc26x2.a : TRNGCC26XX.oem4f (.text:TRNGCC26XX_copyToClient)
                  00012d10    00000040                      : UART.oem4f (.text:UART_open)
                  00012d50    00000040     rtsv7M4_T_le_v4SPD16_eabi.lib : u_divt2.asm.obj (.text)
                  00012d90    00000040     rom_sysbios.aem4f : rom_sysbios.obj (.text:ti_sysbios_family_arm_cc26xx_Timer_setThreshold__I)
                  00012dd0    00000040                       : rom_sysbios.obj (.text:ti_sysbios_heaps_HeapCallback_Module_startup__E)
                  00012e10    0000003e     dpl_cc26x2.a : HwiP_tirtos.oem4f (.text:HwiP_construct)
                  00012e4e    0000003e     simple_peripheral.obj (.text:SimplePeripheral_passcodeCb$5)
                  00012e8c    0000003c     nvocmp.obj (.text:NVOCMP_disableCache$10)
                  00012ec8    0000003c     OneLib.a : gap_linkmgr.o (.text)
                  00012f04    0000003c              : gattservapp.o (.text)
                  00012f40    0000003c              : gattservapp.o (.text)
                  00012f7c    0000003c              : gattservapp.o (.text)
                  00012fb8    0000003c              : ll_ae.o (.text)
                  00012ff4    0000003c     drivers_cc26x2.a : PINCC26XX.oem4f (.text:PIN_setOutputValue)
                  00013030    0000003c     rf_multiMode_cc26x2.aem4f : RFCC26X2_multiMode.c.cc26x2.ccs.o (.text:RF_cmdGet)
                  0001306c    0000003c                               : RFCC26X2_multiMode.c.cc26x2.ccs.o (.text:RF_cmdStoreEvents)
                  000130a8    0000003c     simple_peripheral.obj (.text:SimplePeripheral_createTask)
                  000130e4    0000003c     simple_peripheral.obj (.text:SimplePeripheral_setPhy$5)
                  00013120    0000003c     simple_peripheral.obj (.text:SimplePeripheral_stopAutoPhyChange$5)
                  0001315c    0000003c     StackWrapper.a : osal.o (.text)
                  00013198    0000003c                    : osal.o (.text)
                  000131d4    0000003c                    : osal.o (.text)
                  00013210    0000003c                    : osal_timers.o (.text)
                  0001324c    0000003c                    : sm_ecc.o (.text)
                  00013288    0000003c     drivers_cc26x2.a : NVSCC26XX.oem4f (.text:checkEraseRange)
                  000132c4    0000003c     rom_sysbios.aem4f : rom_sysbios.obj (.text:ti_sysbios_family_arm_m3_Hwi_construct2__E)
                  00013300    0000003a     StackWrapper.a : osal.o (.text)
                  0001333a    00000002     rom_sysbios.aem4f : rom_sysbios.obj (.text:xdc_runtime_SysCallback_defaultExit)
                  0001333c    00000038     board_key.obj (.text:Board_keyCallback$3)
                  00013374    00000038     ti_drivers_config.obj (.text:Board_shutDownExtFlash)
                  000133ac    00000038     OneLib.a : hci.o (.text)
                  000133e4    00000038              : ll_enc.o (.text)
                  0001341c    00000038              : ll_scheduler.o (.text)
                  00013454    00000038     drivers_cc26x2.a : PINCC26XX.oem4f (.text:PIN_setConfig)
                  0001348c    00000038     rf_multiMode_cc26x2.aem4f : RFCC26X2_multiMode.c.cc26x2.ccs.o (.text:RF_checkCmdFsError)
                  000134c4    00000038                               : RFCC26X2_multiMode.c.cc26x2.ccs.o (.text:RF_powerConstraintRelease)
                  000134fc    00000038     StackWrapper.a : osal_timers.o (.text)
                  00013534    00000038     drivers_cc26x2.a : PowerCC26X2.oem4f (.text:notify)
                  0001356c    00000038                      : UARTCC26XX.oem4f (.text:readData)
                  000135a4    00000038     rom_sysbios.aem4f : rom_sysbios.obj (.text:ti_sysbios_family_arm_cc26xx_Timer_getCurrentTick__E)
                  000135dc    00000038     drivers_cc26x2.a : UARTCC26XX.oem4f (.text:writeData)
                  00013614    00000036                      : ECDHCC26X2.oem4f (.text:ECDHCC26X2_convertReturnValue)
                  0001364a    00000036     StackWrapper.a : ble_dispatch_lite.o (.text)
                  00013680    00000036     rom_sysbios.aem4f : rom_sysbios.obj (.text:ti_sysbios_family_arm_cc26xx_Timer_setNextTick__E)
                  000136b6    00000002                       : rom_sysbios.obj (.text:xdc_runtime_SysCallback_defaultFlush)
                  000136b8    00000034     gattservapp_util.obj (.text:GATTServApp_InitCharCfg)
                  000136ec    00000034     icall.obj (.text:ICall_heapFree)
                  00013720    00000034     icall.obj (.text:ICall_searchServiceEntity)
                  00013754    00000034     driverlib.lib : sys_ctrl.obj (.text:NOROM_SysCtrlIdle)
                  00013788    00000034     nvocmp.obj (.text:NVOCMP_verifyCRC$10)
                  000137bc    00000034     OneLib.a : ble.o (.text)
                  000137f0    00000034              : hci.o (.text)
                  00013824    00000034              : hci_tl.o (.text)
                  00013858    00000034              : ll_scheduler.o (.text)
                  0001388c    00000034              : ll_scheduler.o (.text)
                  000138c0    00000034     rf_multiMode_cc26x2.aem4f : RFCC26X2_multiMode.c.cc26x2.ccs.o (.text:RF_runDirectImmediateCmd)
                  000138f4    00000034     simple_peripheral.obj (.text:SimplePeripheral_clockHandler$5)
                  00013928    00000034     StackWrapper.a : gapbondmgr.o (.text)
                  0001395c    00000034                    : icall_startup.o (.text)
                  00013990    00000034     drivers_cc26x2.a : UARTCC26XX.oem4f (.text:readData2RingBuf)
                  000139c4    00000034     two_btn_menu.obj (.text:tbm_findActiveItem)
                  000139f8    00000034     rom_sysbios.aem4f : rom_sysbios.obj (.text:ti_sysbios_knl_Swi_setPri__E)
                  00013a2c    00000032     icall.obj (.text:ICall_fetchServiceMsg)
                  00013a5e    00000032     rom_sysbios.aem4f : rom_sysbios.obj (.text:ti_sysbios_gates_GateMutexPri_insertPri__I)
                  00013a90    00000030     drivers_cc26x2.a : AESECBCC26XX.oem4f (.text:AESECB_cleanup)
                  00013ac0    00000030     icall.obj (.text:ICall_dispatch$24)
                  00013af0    00000030     icall.obj (.text:ICall_msecs2Ticks$24)
                  00013b20    00000030     icall.obj (.text:ICall_primEntityId2ServiceId$24)
                  00013b50    00000030     icall.obj (.text:ICall_searchTask$24)
                  00013b80    00000030     nvocmp.obj (.text:NVOCMP_changePageState$10)
                  00013bb0    00000030     drivers_cc26x2.a : NVSCC26XX.oem4f (.text:NVSCC26XX_erase)
                  00013be0    00000030     OneLib.a : gattservapp.o (.text)
                  00013c10    00000030              : ll_ae.o (.text)
                  00013c40    00000030              : ll_scheduler.o (.text)
                  00013c70    00000030     drivers_cc26x2.a : PINCC26XX.oem4f (.text:PINCC26XX_setMux)
                  00013ca0    00000030                      : PowerCC26X2.oem4f (.text:Power_releaseConstraint)
                  00013cd0    00000030                      : PowerCC26X2.oem4f (.text:Power_setConstraint)
                  00013d00    00000030     simple_peripheral.obj (.text:SimplePeripheral_doSelectConn)
                  00013d30    00000030     StackWrapper.a : osal_timers.o (.text)
                  00013d60    00000030     drivers_cc26x2.a : TRNGCC26XX.oem4f (.text:TRNGCC26XX_fillEntropyPool)
                  00013d90    00000030     rf_multiMode_cc26x2.aem4f : rf_patch_cpe_bt5.c.cc26x2.ccs.o (.text:applyBt5Patch)
                  00013dc0    00000030     simple_peripheral_app_pem4f.oem4f (.text:ti_sysbios_BIOS_atExitFunc__I)
                  00013df0    00000030     simple_peripheral_app_pem4f.oem4f (.text:ti_sysbios_BIOS_startFunc__I)
                  00013e20    00000030     rom_sysbios.aem4f : rom_sysbios.obj (.text:ti_sysbios_family_arm_cc26xx_Timer_initDevice__I)
                  00013e50    00000030     simple_peripheral_app_pem4f.oem4f (.text:ti_sysbios_gates_GateMutexPri_Object__create__S)
                  00013e80    00000030     simple_peripheral_app_pem4f.oem4f (.text:ti_sysbios_gates_GateMutexPri_create)
                  00013eb0    00000030     simple_peripheral_app_pem4f.oem4f (.text:ti_sysbios_heaps_HeapCallback_Object__create__S)
                  00013ee0    00000030     rom_sysbios.aem4f : rom_sysbios.obj (.text:ti_sysbios_knl_Clock_getTimeout__E)
                  00013f10    0000002e     icall_cc2650.obj (.text:ICallPlatform_pwrDispenseImpl$25)
                  00013f3e    0000002e     icall_cc2650.obj (.text:ICallPlatform_pwrRequireImpl$25)
                  00013f6c    0000002e     OneLib.a : gattservapp.o (.text)
                  00013f9a    0000002e     drivers_cc26x2.a : TRNGCC26XX.oem4f (.text:TRNGCC26XX_serviceJob)
                  00013fc8    0000002c     icall.obj (.text:ICall_getLocalMsgEntityId)
                  00013ff4    0000002c     icall.obj (.text:ICall_msgEnqueue$24)
                  00014020    0000002c     drivers_cc26x2.a : NVS.oem4f (.text:NVS_init)
                  0001404c    0000002c     OneLib.a : gatt_task.o (.text)
                  00014078    0000002c              : gattservapp.o (.text)
                  000140a4    0000002c              : sm_rsppairing.o (.text)
                  000140d0    0000002c     rf_multiMode_cc26x2.aem4f : RFCC26X2_multiMode.c.cc26x2.ccs.o (.text:RF_executeDirectImmediateCmd)
                  000140fc    0000002c     rom_init.obj (.text:ROM_Init)
                  00014128    0000002c     dpl_cc26x2.a : SemaphoreP_tirtos.oem4f (.text:SemaphoreP_constructBinary)
                  00014154    0000002c                  : SemaphoreP_tirtos.oem4f (.text:SemaphoreP_createBinary)
                  00014180    0000002c     StackWrapper.a : hal_assert.o (.text)
                  000141ac    0000002c                    : osal_bufmgr.o (.text)
                  000141d8    0000002c     drivers_cc26x2.a : TRNGCC26XX.oem4f (.text:TRNGCC26XX_stopTrng)
                  00014204    0000002c     simple_peripheral_app_pem4f.oem4f (.text:ti_sysbios_gates_GateMutexPri_Handle__label__S)
                  00014230    0000002c     simple_peripheral_app_pem4f.oem4f (.text:ti_sysbios_heaps_HeapCallback_Handle__label__S)
                  0001425c    0000002c     rom_sysbios.aem4f : rom_sysbios.obj (.text:ti_sysbios_knl_Clock_getTicksUntilInterrupt__E)
                  00014288    0000002a     drivers_cc26x2.a : List.oem4f (.text:List_insert)
                  000142b2    0000002a     rf_multiMode_cc26x2.aem4f : RFCC26X2_multiMode.c.cc26x2.ccs.o (.text:RF_searchAndReplacePAOverride)
                  000142dc    0000002a     simple_peripheral.obj (.text:SimplePeripheral_pairStateCb$5)
                  00014306    00000002     rom_sysbios.aem4f : rom_sysbios.obj (.text:xdc_runtime_SysCallback_defaultPutch)
                  00014308    00000028     drivers_cc26x2.a : AESCTRCC26XX.oem4f (.text:AESCTR_cleanup)
                  00014330    00000028     rf_multiMode_cc26x2.aem4f : rfc.c.cc26x2.ccs.o (.text:NOROM_RFCOverrideSearch)
                  00014358    00000028     nvocmp.obj (.text:NVOCMP_setCompactHdr$10)
                  00014380    00000028     OneLib.a : gattservapp.o (.text)
                  000143a8    00000028     drivers_cc26x2.a : PowerCC26X2.oem4f (.text:Power_registerNotify)
                  000143d0    00000028     rf_multiMode_cc26x2.aem4f : RFCC26X2_multiMode.c.cc26x2.ccs.o (.text:RF_calculateDeltaTimeUs)
                  000143f8    00000028                               : RFCC26X2_multiMode.c.cc26x2.ccs.o (.text:RF_runScheduleCmd)
                  00014420    00000028     simple_peripheral.obj (.text:SimplePeripheral_updateRPA$5)
                  00014448    00000028     StackWrapper.a : osal.o (.text)
                  00014470    00000028                    : osal_snv_wrapper.o (.text)
                  00014498    00000028                    : osal_snv_wrapper.o (.text)
                  000144c0    00000028                    : osal_snv_wrapper.o (.text)
                  000144e8    00000028     drivers_cc26x2.a : PowerCC26X2.oem4f (.text:oscillatorISR)
                  00014510    00000028     simple_peripheral.obj (.text:readCallbackFxn)
                  00014538    00000028     drivers_cc26x2.a : NVSCC26XX.oem4f (.text:restoreFlashCache)
                  00014560    00000028     two_btn_menu.obj (.text:tbm_setItemStatus)
                  00014588    00000026     icall.obj (.text:ICall_sendServiceMsg)
                  000145ae    00000026     drivers_cc26x2.a : List.oem4f (.text:List_put)
                  000145d4    00000026                      : List.oem4f (.text:List_putHead)
                  000145fa    00000026                      : List.oem4f (.text:List_remove)
                  00014620    00000026     simple_peripheral.obj (.text:SimplePeripheral_advCallback$5)
                  00014646    00000002     --HOLE-- [fill = 0]
                  00014648    00000024     driverlib.lib : osc.obj (.text:NOROM_OSCHF_TurnOnXosc)
                  0001466c    00000024     rf_multiMode_cc26x2.aem4f : rfc.c.cc26x2.ccs.o (.text:NOROM_RFCDoorbellSendTo)
                  00014690    00000024     OneLib.a : gapgattserver.o (.text)
                  000146b4    00000024              : gatt_server.o (.text)
                  000146d8    00000024     rf_multiMode_cc26x2.aem4f : RFCC26X2_multiMode.c.cc26x2.ccs.o (.text:RF_cmdAlloc)
                  000146fc    00000024                               : RFCC26X2_multiMode.c.cc26x2.ccs.o (.text:RF_invokeGlobalCallback)
                  00014720    00000024     StackWrapper.a : ble_dispatch_lite.o (.text)
                  00014744    00000024                    : gapbondmgr.o (.text)
                  00014768    00000024                    : osal.o (.text)
                  0001478c    00000024                    : osal.o (.text)
                  000147b0    00000024                    : osal_timers.o (.text)
                  000147d4    00000024                    : osal_timers.o (.text)
                  000147f8    00000024     drivers_cc26x2.a : PowerCC26X2_calibrateRCOSC.oem4f (.text:getTdcSemaphore)
                  0001481c    00000024     rtsv7M4_T_le_v4SPD16_eabi.lib : memcmp.c.obj (.text:memcmp)
                  00014840    00000024     simple_peripheral_app_pem4f.oem4f (.text:ti_sysbios_BIOS_registerRTSLock__I)
                  00014864    00000024     simple_peripheral_app_pem4f.oem4f (.text:ti_sysbios_BIOS_removeRTSLock__I)
                  00014888    00000024     rom_sysbios.aem4f : rom_sysbios.obj (.text:ti_sysbios_family_arm_cc26xx_Timer_getMaxTicks__E)
                  000148ac    00000024     simple_peripheral_app_pem4f.oem4f (.text:ti_sysbios_gates_GateMutexPri_Object__delete__S)
                  000148d0    00000024     simple_peripheral_app_pem4f.oem4f (.text:ti_sysbios_heaps_HeapCallback_Object__delete__S)
                  000148f4    00000022     drivers_cc26x2.a : CryptoUtils.oem4f (.text:CryptoUtils_buffersMatch)
                  00014916    00000022     icall.obj (.text:ICall_setTimerMSecs)
                  00014938    00000022     drivers_cc26x2.a : List.oem4f (.text:List_get)
                  0001495a    00000022     OneLib.a : gatt_server.o (.text)
                  0001497c    00000022     simple_peripheral.obj (.text:SimplePeripheral_charValueChangeCB$5)
                  0001499e    00000022     simple_peripheral.obj (.text:SimplePeripheral_keyChangeHandler$5)
                  000149c0    00000020     ti_drivers_config.obj (.text:Board_init)
                  000149e0    00000020     drivers_cc26x2.a : ECDHCC26X2.oem4f (.text:ECDHCC26X2_internalCallbackFxn)
                  00014a00    00000020     dpl_cc26x2.a : HwiP_tirtos.oem4f (.text:HwiP_setFunc)
                  00014a20    00000020     driverlib.lib : pka.obj (.text:NOROM_PKAClearPkaRam)
                  00014a40    00000020     nvocmp.obj (.text:NVOCMP_readByte$10)
                  00014a60    00000020     OneLib.a : gattservapp.o (.text)
                  00014a80    00000020              : ll_isr.o (.text)
                  00014aa0    00000020              : ll_isr.o (.text)
                  00014ac0    00000020              : ll_isr.o (.text)
                  00014ae0    00000020              : ll_rat.o (.text)
                  00014b00    00000020              : sm_intpairing.o (.text)
                  00014b20    00000020              : sm_rsppairing.o (.text)
                  00014b40    00000020     drivers_cc26x2.a : PINCC26XX.oem4f (.text:PINCC26XX_setIoCfgMux)
                  00014b60    00000020                      : PowerCC26X2.oem4f (.text:Power_unregisterNotify)
                  00014b80    00000020     rf_multiMode_cc26x2.aem4f : RFCC26X2_multiMode.c.cc26x2.ccs.o (.text:RF_clkPowerUp)
                  00014ba0    00000020                               : RFCC26X2_multiMode.c.cc26x2.ccs.o (.text:RF_hwiCpe0ChangePhy)
                  00014bc0    00000020                               : RFCC26X2_multiMode.c.cc26x2.ccs.o (.text:RF_isStateTransitionAllowed)
                  00014be0    00000020                               : RFCC26X2_multiMode.c.cc26x2.ccs.o (.text:RF_ratIsRunning)
                  00014c00    00000020                               : RFCC26X2_multiMode.c.cc26x2.ccs.o (.text:RF_setTxPower)
                  00014c20    00000020     StackWrapper.a : osal_cbtimer.o (.text)
                  00014c40    00000020                    : osal_snv_wrapper.o (.text)
                  00014c60    00000020     crc.obj (.text:crc_update)
                  00014c80    00000020     gattservapp_util.obj (.text:gattServApp_FindCharCfgItem$18)
                  00014ca0    00000020     two_btn_menu.obj (.text:tbm_goTo)
                  00014cc0    00000020     drivers_cc26x2.a : UARTCC26XX.oem4f (.text:threadSafeStdbyDisRelease)
                  00014ce0    00000020                      : UARTCC26XX.oem4f (.text:threadSafeStdbyDisSet)
                  00014d00    00000020     simple_peripheral_app_pem4f.oem4f (.text:ti_sysbios_BIOS_rtsLock__I)
                  00014d20    00000020     rom_sysbios.aem4f : rom_sysbios.obj (.text:ti_sysbios_family_arm_cc26xx_Timer_dynamicStub__E)
                  00014d40    0000001e     OneLib.a : hci_data.o (.text)
                  00014d5e    0000001e     drivers_cc26x2.a : PINCC26XX.oem4f (.text:PIN_close)
                  00014d7c    0000001e                      : PowerCC26X2.oem4f (.text:Power_getTransitionLatency)
                  00014d9a    0000001e     StackWrapper.a : osal.o (.text)
                  00014db8    0000001e                    : osal.o (.text)
                  00014dd6    00000002     --HOLE-- [fill = 0]
                  00014dd8    0000001c     icall.obj (.text:ICall_mallocLimited)
                  00014df4    0000001c     icall.obj (.text:ICall_primRepostSync$24)
                  00014e10    0000001c     driverlib.lib : chipinfo.obj (.text:NOROM_ChipInfo_GetChipFamily)
                  00014e2c    0000001c                   : flash.obj (.text:NOROM_FlashProgram)
                  00014e48    0000001c                   : flash.obj (.text:NOROM_FlashSectorErase)
                  00014e64    0000001c     nvocmp.obj (.text:NVOCMP_writeByte$10)
                  00014e80    0000001c     drivers_cc26x2.a : NVSCC26XX.oem4f (.text:NVSCC26XX_getAttrs)
                  00014e9c    0000001c                      : NVSCC26XX.oem4f (.text:NVSCC26XX_lock)
                  00014eb8    0000001c     OneLib.a : sm_pairing.o (.text)
                  00014ed4    0000001c     drivers_cc26x2.a : PINCC26XX.oem4f (.text:PIN_hwi)
                  00014ef0    0000001c     dpl_cc26x2.a : PowerCC26X2_tirtos.oem4f (.text:PowerCC26XX_schedulerDisable)
                  00014f0c    0000001c                  : PowerCC26X2_tirtos.oem4f (.text:PowerCC26XX_schedulerRestore)
                  00014f28    0000001c     rf_multiMode_cc26x2.aem4f : RFCC26X2_multiMode.c.cc26x2.ccs.o (.text:RF_clkInactivityCallback)
                  00014f44    0000001c                               : RFCC26X2_multiMode.c.cc26x2.ccs.o (.text:RF_getPAOverrideOffsetAndValue)
                  00014f60    0000001c                               : RFCC26X2_multiMode.c.cc26x2.ccs.o (.text:RF_getRssi)
[...]
20000fbe  l2cap_gattServAppTaskID                                         
20000fbf  l2capId                                                         
20000fc1  linkDBNumConns                                                  
20000fc2  linkDB_secureConnectionOnlyMode                                 
20000fc3  maxPduSize                                                      
20000fc4  rfFeModeBias                                                    
20000fc5  defaultPhy                                                      
20000fc6  maxNumTxDataBufs                                                
20000fc7  LL_TaskID                                                       
20000fc8  llState                                                         
20000fc9  rssiCorrection                                                  
20000fca  curTxPowerVal                                                   
20000fcb  maxTxPwrForDTM                                                  
20000fcc  onePktPerEvt                                                    
20000fcd  numComplPkts                                                    
20000fce  numComplPktsLimit                                               
20000fcf  numComplPktsFlush                                               
20000fd0  fastTxRespTime                                                  
20000fd1  slOverride                                                      
20000fd2  rxFifoFlowCtrl                                                  
20000fd3  numTxDataBufs                                                   
20000fd4  maxNumConns                                                     
20000fd5  aeCurHandle                                                     
20000fd6  aeCurAdvEnableHandle                                            
20000fd7  aeCurConnHandle                                                 
20000fd8  extScanIndex                                                    
20000fd9  extInitIndex                                                    
20000fda  scanState                                                       
20000fdb  lastPrimPhy                                                     
20000fdc  lastScanRsp                                                     
20000fdd  smTaskID                                                        
20000fde  SM_appExpectingKey                                              
20000fe1  autoConnect                                                     
20000fe8  dispHandle                                                      
20000fec  uart                                                            
20000ffc  wantedRxBytes                                                   
20001034  uartParams                                                      
200010a0  spTask                                                          
200010f0  rxBuf                                                           
20001218  spTaskStack                                                     
200017ec  PowerCC26X2_module                                              
20001a80  ROM_stateStruct                                                 
20001a80  ti_sysbios_knl_Clock_Module__state__V                           
20001aac  ti_sysbios_family_arm_cc26xx_TimestampProvider_Module__state__V 
20001ab0  xdc_runtime_Startup_Module__state__V                            
20001ab8  xdc_runtime_Registry_Module__state__V                           
20001ac0  ti_sysbios_BIOS_Module__state__V                                
20001ae4  ti_sysbios_knl_Swi_Module__state__V                             
20001b00  ti_sysbios_knl_Task_Module__state__V                            
20001b44  xdc_runtime_Memory_Module__state__V                             
20001b48  xdc_runtime_System_Module__state__V                             
20001b50  ti_sysbios_family_arm_m3_Hwi_Module__state__V                   
20001b84  ti_sysbios_family_arm_cc26xx_Timer_Module__state__V             
20001c80  gapAttrTbl                                                      
20001d34  ICall_enterCriticalSection                                      
20001d38  ICall_leaveCriticalSection                                      
20001d3c  ICall_dispatcher                                                
20001d50  heapmgrMemFreeTotal                                             
20001d5c  HEAPMGR_SIZE                                                    
20001dcc  pairMode                                                        
20001dcd  mitm                                                            
20001dce  ioCap                                                           
20001dcf  bonding                                                         
20001dd0  secureConnection                                                
20001dd1  autoSyncWL                                                      
20001dd2  eccReGenPolicy                                                  
20001dd3  KeySize                                                         
20001dd4  removeLRUBond                                                   
20001dd5  KeyDistList                                                     
20001dd6  eccDebugKeys                                                    
20001dd7  eraseBondWhileInConn                                            
20001dd8  pRandomAddress                                                  
20001ddc  advData1                                                        
20001de7  advData2                                                        
20001df2  attDeviceName                                                   
20001e08  advParams1                                                      
20001e24  scanResData1                                                    
20001e40  advParams2                                                      
20001e5e  gAction                                                         
20001e5f  NVOCMP_size                                                     
20001e8c  NVOCMP_nvHandle                                                 
20001ebc  llUserConfig                                                    
20001f1c  pOverrides_bleCommon                                            
20001f70  txPowerTable_2400_pa5                                           
20001fc0  ti_sysbios_knl_Task_Object__table__V                            
20002010  appKeyChangeHandler                                             
20002014  hKeyPins                                                        
20002018  keyPinsCfg                                                      
20002024  keyPins                                                         
20002054  patchedSlaveCtrlPktList                                         
20002058  ti_sysbios_family_arm_cc26xx_Timer_Object__table__V             
200020a0  gattAttrTbl                                                     
200020e0  eccParams_NISTP256                                              
20002120  nvintfFncStruct                                                 
2000215c  ti_sysbios_gates_GateMutex_Object__table__V                     
20002194  ti_sysbios_knl_Swi_Module_State_0_readyQ__A                     
200021c4  ti_sysbios_knl_Swi_Object__table__V                             
200021f4  ti_sysbios_knl_Task_Module_State_0_readyQ__A                    
20002224  _hposcCoeffs                                                    
20002268  ti_sysbios_knl_Clock_Object__table__V                           
20002288  xdc_runtime_Error_IgnoreBlock                                   
200022a8  ti_sysbios_family_arm_m3_Hwi_Object__table__V                   
20002315  deviceNameCharProps                                             
20002316  llUserConfig_maxPduSize                                         
20002318  tbmRowItemLast                                                  
20002328  gattAttrTbl_gatt_no_service_changed                             
20002338  rfMode                                                          
20002348  sizeInfo                                                        
20002368  bleAppServiceInfoTable                                          
20002378  pOverrides_ble2Mbps                                             
20002388  pOverrides_bleCoded                                             
20002398  user0Cfg                                                        
200023a8  pOverrides_ble1Mbps                                             
200023b4  ti_sysbios_heaps_HeapCallback_Object__table__V                  
200023c9  appearanceCharProps                                             
200023ca  baseTaskID                                                      
200023d4  bleUserCfg_maxPduSize                                           
200023d8  appAssertCback                                                  
200023dc  pfnBMFree                                                       
200023e0  lastAppOpcodeIdxSent                                            
200023e4  _lock                                                           
200023e8  _unlock                                                         
200023ec  periConnParameters                                              
200023f4  pinUpperBound                                                   
200023f8  pinLowerBound                                                   
200023fc  pfnBMAlloc                                                      
20002400  pRfErrCb                                                        
2000240c  ti_sysbios_family_arm_m3_Hwi_Module__root__V                    
20002414  ti_sysbios_gates_GateHwi_Module__root__V                        
2000241c  ti_sysbios_gates_GateMutexPri_Module__root__V                   
20002424  ti_sysbios_gates_GateMutex_Module__root__V                      
2000242c  ti_sysbios_hal_Hwi_Module__root__V                              
20002434  ti_sysbios_heaps_HeapCallback_Module__root__V                   
2000243c  ti_sysbios_heaps_HeapMem_Module__root__V                        
20002444  ti_sysbios_knl_Clock_Module__root__V                            
2000244c  ti_sysbios_knl_Event_Module__root__V                            
20002454  ti_sysbios_knl_Mailbox_Module__root__V                          
2000245c  ti_sysbios_knl_Queue_Module__root__V                            
20002464  ti_sysbios_knl_Semaphore_Module__root__V                        
2000246c  ti_sysbios_knl_Swi_Module__root__V                              
20002474  ti_sysbios_knl_Task_Module__root__V                             
20002481  CryptoResourceCC26XX_pollingFlag                                
20002483  periConnParamCharProps                                          
20002484  halAssertCback                                                  
20002488  icallServiceTblPtr                                              
2000248c  main_func_sp                                                    
20002490  ti_sysbios_family_arm_m3_Hwi_Module_State_0_excContext__A       
20002494  ti_sysbios_family_arm_m3_Hwi_Module_State_0_excStack__A         
20002498  ti_sysbios_knl_Task_Module_State_0_idleTask__A                  
2000249c  PKAResourceCC26XX_pollingFlag                                   
200024a0  ti_sysbios_family_arm_m3_Hwi_Module_State_0_excActive__A        
200024a2  centAddrResCharProps                                            
200024a3  centAddrRes                                                     
200024a4  resolvablePrivateAddressOnlyCharProps                           
200024a5  GATTServApp_gatt_no_service_changed                             
200024a7  extScanChanMap                                                  
200024a8  sizeOfAllExtConnParam                                           
200024a9  rfRatHandle                                                     
200024aa  gapEndAppTaskID                                                 
200024ab  gapAppTaskID                                                    
200024ac  legacyMode                                                      
200024ad  argPeriodic                                                     
200024ae  argRpaRead                                                      
200029a8  ti_sysbios_knl_Task_Instance_State_0_stack__A                   
20002ca8  uartCC26XXObjects                                               
20002e5c  ti_sysbios_family_arm_m3_Hwi_dispatchTable                      
20002f34  trngCC26XXObjects                                               
20002fb4  pinHandleTable                                                  
20003030  cbTimers                                                        
200030a8  spMenuMain                                                      
200030bc  spMenuSelectConn                                                
200030d0  spMenuPerConn                                                   
200030e4  spMenuAutoConnect                                               
200030f8  spMenuConnPhy                                                   
2000310c  aesctrdrbgXXObjects                                             
200031b4  CryptoResourceCC26XX_accessSemaphore                            
20003204  CryptoResourceCC26XX_operationSemaphore                         
20003254  PKAResourceCC26XX_accessSemaphore                               
200032a4  PKAResourceCC26XX_operationSemaphore                            
200032f4  nvFptrs                                                         
20003364  req                                                             
20003384  llCteSamples                                                    
200033a4  gapBond_remoteOobData                                           
200033c4  gapBond_localOobData                                            
20003424  ecdhCC26X2Objects                                               
20003498  CryptoResourceCC26XX_hwi                                        
200034b4  PKAResourceCC26XX_hwi                                           
200034d0  deviceName                                                      
200034e8  llCoex                                                          
20003500  aesccmCC26XXObjects                                             
20003518  aesctrCC26XXObjects                                             
20003530  aesecbCC26XXObjects                                             
20003580  llCteTest                                                       
2000358c  cteAntennaProp                                                  
20003598  llTaskList                                                      
200035b0  secondaryAdvChannelMap                                          
200035b8  ggs_AppCBs                                                      
200035c0  LSTORecoveryArr                                                 
200035c4  llCte                                                           
200035c8  llConnExtParam                                                  
200035cc  extStackSettings                                                
200035d0  trngHandle                                                      
200035d4  pNextAdvSet                                                     
200035d8  llCurrentMappedChan                                             
200035dc  drbgHandle                                                      
200035e0  pRpaCfg                                                         
200035e4  gapBond_lruBondList                                             
200035e8  gapBondStateNodeHead                                            
200035ec  osal_syncHandle                                                 
200035f0  osal_tickperiod                                                 
200035f4  osal_max_msecs                                                  
200035f8  osal_icallMsg_hook                                              
200035fc  osal_qHead                                                      
20003600  osal_eventloop_hook                                             
2000360c  OSAL_timeSeconds                                                
20003610  timerHead                                                       
20003618  osal_last_timestamp                                             
20003624  PowerCC26XX_swiKey                                              
20003628  PowerCC26XX_taskKey                                             
2000362c  nvsCC26XXObjects                                                
20003630  tasksEvents                                                     
20003634  appearance                                                      
20003636  maximumPduSize                                                  
2000363a  pwrmgr_attribute                                                
2000363c  resolvablePrivateAddressOnly                                    
2000363d  GATTServApp_att_delayed_req                                     
2000363e  hciTaskID                                                       
2000363f  hciL2capTaskID                                                  
20003640  hciGapTaskID                                                    
20003641  hciSmpTaskID                                                    
20003642  hciTestTaskID                                                   
20003643  hciVsEvtMask                                                    
20003644  scanReqRpt                                                      
20003645  secondaryAdvChannelMapPopCount                                  
20003646  numActiveAdvSets                                                
20003647  wlSize                                                          
20003648  rlSize                                                          
20003649  decryptResult                                                   
2000364a  icall_liteTaskId                                                
2000364b  gapBond_removeLRUBond                                           
2000364c  gapBond_syncRL                                                  
2000364d  assertSubcause                                                  
2000364e  osal_entity                                                     
2000364f  pwrmgr_initialized                                              
20003651  driverlib_release_0_58048                                       
20003652  heapStart                                                       
20013c00  __stack                                                         
20013c00  heapEnd                                                         
20014000  __STACK_END                                                     
20014000  __STACK_TOP                                                     
20014000  __UNUSED_SRAM_end__                                             
e000e000  ti_sysbios_family_arm_m3_Hwi_nvic                               
ffffffff  __TI_pprof_out_hndl                                             
ffffffff  __TI_prof_data_size                                             
ffffffff  __TI_prof_data_start                                            
ffffffff  __binit__                                                       
ffffffff  __c_args__                                                      
ffffffff  binit                                                           
UNDEFED   ITM_flush                                                       
UNDEFED   ITM_restore                                                     
UNDEFED   SHT$$INIT_ARRAY$$Base                                           
UNDEFED   SHT$$INIT_ARRAY$$Limit                                          

[2916 symbols]
